******************************************************************************
                  TI ARM Linker PC v5.2.5                      
******************************************************************************
>> Linked Thu Jun 23 21:16:44 2016

OUTPUT FILE NAME:   <wifi_node_ap_tirtos.out>
ENTRY POINT SYMBOL: "_c_int00"  address: 0000ba89


MEMORY CONFIGURATION

         name            origin    length      used     unused   attr    fill
----------------------  --------  ---------  --------  --------  ----  --------
  FLASH                 00000000   00100000  00010a1b  000ef5e5  R  X
  SRAM                  20000000   00040000  00003a5f  0003c5a1  RW X


SEGMENT ALLOCATION MAP

run origin  load origin   length   init length attrs members
----------  ----------- ---------- ----------- ----- -------
00000000    00000000    00010a28   00010a28    r-x
  00000000    00000000    0000003c   0000003c    r-- .resetVecs
  00000040    00000040    0000dfea   0000dfea    r-x .text
  0000e02c    0000e02c    000024ed   000024ed    r-- .const
  00010520    00010520    00000508   00000508    r-- .cinit
20000000    20000000    00003a60   00000000    rw-
  20000000    20000000    00000360   00000000    rw- .vecs
  20000360    20000360    00002c4b   00000000    rw- .bss
  20002fac    20002fac    000006b4   00000000    rw- .data
  20003660    20003660    00000400   00000000    rw- .stack


SECTION ALLOCATION MAP

 output                                  attributes/
section   page    origin      length       input sections
--------  ----  ----------  ----------   ----------------
.resetVecs 
*          0    00000000    0000003c     
                  00000000    0000003c     wifi_node_ap_pem4f.oem4f (.resetVecs)

.text      0    00000040    0000dfea     
                  00000040    00001e54     driver.obj (.text)
                  00001e94    00000004     driverlib.lib : i2c.obj (.text:I2CMasterControl)
                  00001e98    00001be8     main.obj (.text)
                  00003a80    00000ee8     socket.obj (.text)
                  00004968    00000cdc     wlan.obj (.text)
                  00005644    00000004     driverlib.lib : i2c.obj (.text:I2CMasterDataGet)
                  00005648    00000b9c     netapp.obj (.text)
                  000061e4    00000004     driverlib.lib : i2c.obj (.text:I2CMasterDataPut)
                  000061e8    00000a6c     EK_TM4C1294XL.obj (.text)
                  00006c54    00000004     driverlib.lib : timer.obj (.text:TimerIntClear)
                  00006c58    00000544     device.obj (.text)
                  0000719c    00000004     driverlib.lib : uart.obj (.text:UARTIntClear)
                  000071a0    0000050c     io.obj (.text)
                  000076ac    00000004     sysbios.aem4f : BIOS.obj (.text:ti_sysbios_family_arm_lm4_Timer_masterEnable__I)
                  000076b0    00000430                   : BIOS.obj (.text:ti_sysbios_family_arm_m3_Hwi_excDumpRegs__I)
                  00007ae0    0000034c     ti.targets.arm.rtsarm.aem4f : System.oem4f (.text:xdc_runtime_System_doPrint__I)
                  00007e2c    00000004     wifi_node_ap_pem4f.oem4f (.text:ti_sysbios_family_arm_m3_TaskSupport_Module__startupDone__S)
                  00007e30    000002d4     board.obj (.text)
                  00008104    000002d4     rtsv7M4_T_le_v4SPD16_eabi.lib : trgdrv.obj (.text)
                  000083d8    0000021c     wifi_node_ap_pem4f.oem4f (.text:xdc_runtime_System_printfExtend__I)
                  000085f4    00000204     driverlib.lib : sysctl.obj (.text:SysCtlClockFreqSet)
                  000087f8    00000204     Boot.aem4f : Boot_sysctl.oem4f (.text:ti_catalog_arm_cortexm4_tiva_ce_Boot_sysCtlClockFreqSetI__I)
                  000089fc    00000004     ti.targets.arm.rtsarm.aem4f : Error.oem4f (.text:xdc_runtime_Error_getSite__E)
                  00008a00    000001fc     spi.obj (.text)
                  00008bfc    00000004     ti.targets.arm.rtsarm.aem4f : System.oem4f (.text:xdc_runtime_System_aprintf_va__F)
                  00008c00    000001fc     sysbios.aem4f : BIOS.obj (.text:ti_sysbios_family_arm_m3_Hwi_excHandlerMax__I)
                  00008dfc    000001b6     rtsv7M4_T_le_v4SPD16_eabi.lib : fd_add_t2.obj (.text)
                  00008fb2    00000006     driverlib.lib : gpio.obj (.text:GPIOIntClear)
                  00008fb8    0000017c     nonos.obj (.text)
                  00009134    00000004     ti.targets.arm.rtsarm.aem4f : System.oem4f (.text:xdc_runtime_System_printf_va__F)
                  00009138    00000174     sysbios.aem4f : BIOS.obj (.text:ti_sysbios_family_arm_m3_Hwi_excBusFault__I)
                  000092ac    00000002     rtsv7M4_T_le_v4SPD16_eabi.lib : i_div0.obj (.text)
                  000092ae    00000002     wifi_node_ap_pem4f.oem4f (.text:ti_sysbios_BIOS_nullFunc__I)
                  000092b0    00000164     sysbios.aem4f : BIOS.obj (.text:ti_sysbios_family_arm_m3_Hwi_excUsageFault__I)
                  00009414    00000002     wifi_node_ap_pem4f.oem4f (.text:xdc_runtime_Startup_reset__I)
                  00009416    00000002     --HOLE-- [fill = 0]
                  00009418    00000158     sysbios.aem4f : BIOS.obj (.text:ti_sysbios_knl_Semaphore_pend__E)
                  00009570    0000014c     netcfg.obj (.text)
                  000096bc    00000004     --HOLE-- [fill = 0]
                  000096c0    00000148     sysbios.aem4f : BIOS.obj (.text:ti_sysbios_family_arm_m3_Hwi_excMemFault__I)
                  00009808    00000132     driverlib.lib : gpio.obj (.text:GPIOPadConfigSet)
                  0000993a    00000002     --HOLE-- [fill = 0]
                  0000993c    00000118     ti.targets.arm.rtsarm.aem4f : Error.oem4f (.text:xdc_runtime_Error_policyDefault__E)
                  00009a54    00000004     --HOLE-- [fill = 0]
                  00009a58    00000108     sysbios.aem4f : BIOS.obj (.text:ti_sysbios_family_arm_lm4_Timer_start__E)
                  00009b60    00000100     ti.targets.arm.rtsarm.aem4f : Core-mem.oem4f (.text:xdc_runtime_Core_createObject__I)
                  00009c60    000000fc     rtsv7M4_T_le_v4SPD16_eabi.lib : fd_mul_t2.obj (.text)
                  00009d5c    000000f8     ti.targets.arm.rtsarm.aem4f : Startup.oem4f (.text:xdc_runtime_Startup_startMods__I)
                  00009e54    00000004     --HOLE-- [fill = 0]
                  00009e58    000000f4     cli_uart.obj (.text)
                  00009f4c    000000f4     sysbios.aem4f : m3_Hwi_asm.obj (.text:ti_sysbios_family_arm_m3_Hwi_dispatch__I)
                  0000a040    000000f2     sensorlib.lib : i2cm_drv.obj (.text:I2CMIntHandler)
                  0000a132    00000006     driverlib.lib : gpio.obj (.text:GPIOPinRead)
                  0000a138    000000ec     buttons.obj (.text)
                  0000a224    00000004     --HOLE-- [fill = 0]
                  0000a228    000000cc     sysbios.aem4f : BIOS.obj (.text:ti_sysbios_heaps_HeapMem_alloc__E)
                  0000a2f4    00000004     --HOLE-- [fill = 0]
                  0000a2f8    000000cc                   : BIOS.obj (.text:ti_sysbios_knl_Task_Instance_init__E)
                  0000a3c4    000000cc     ti.targets.arm.rtsarm.aem4f : Core-smem.oem4f (.text:xdc_runtime_Core_constructObject__I)
                  0000a490    000000bc     sysbios.aem4f : BIOS.obj (.text:ti_sysbios_family_arm_m3_Hwi_excDebugMon__I)
                  0000a54c    00000004     --HOLE-- [fill = 0]
                  0000a550    000000bc                   : BIOS.obj (.text:ti_sysbios_family_arm_m3_Hwi_excHardFault__I)
                  0000a60c    00000004     --HOLE-- [fill = 0]
                  0000a610    000000bc                   : BIOS.obj (.text:ti_sysbios_knl_Task_Instance_finalize__E)
                  0000a6cc    00000004     --HOLE-- [fill = 0]
                  0000a6d0    000000b4                   : BIOS.obj (.text:ti_sysbios_knl_Task_checkStacks__E)
                  0000a784    00000004     --HOLE-- [fill = 0]
                  0000a788    000000ac                   : BIOS.obj (.text:ti_sysbios_family_arm_lm4_Timer_enableTiva__I)
                  0000a834    000000a0     auto_init.aem4f : auto_init.oem4f (.text)
                  0000a8d4    000000a0     ti.targets.arm.rtsarm.aem4f : Text.oem4f (.text:xdc_runtime_Text_putMod__E)
                  0000a974    0000009c     rtsv7M4_T_le_v4SPD16_eabi.lib : memcpy_t2.obj (.text)
                  0000aa10    0000009c     sysbios.aem4f : BIOS.obj (.text:ti_sysbios_knl_Task_postInit__I)
                  0000aaac    0000009a     ti.targets.arm.rtsarm.aem4f : Text.oem4f (.text:xdc_runtime_Text_putSite__E)
                  0000ab46    00000098     sensorlib.lib : i2cm_drv.obj (.text:I2CMStateIdle)
                  0000abde    00000002     --HOLE-- [fill = 0]
                  0000abe0    00000098     Boot.aem4f : Boot.oem4f (.text:ti_catalog_arm_cortexm4_tiva_ce_Boot_sysCtlClockFreqSet__E)
                  0000ac78    00000094     sysbios.aem4f : BIOS.obj (.text:ti_sysbios_family_arm_m3_Hwi_initNVIC__E)
                  0000ad0c    0000008c                   : m3_TaskSupport_asm.obj (.text:ti_sysbios_family_arm_m3_TaskSupport_buildTaskStack)
                  0000ad98    00000088     sensorlib.lib : i2cm_drv.obj (.text:I2CMCommand)
                  0000ae20    00000084     sysbios.aem4f : BIOS.obj (.text:ti_sysbios_family_arm_m3_Hwi_postInit__I)
                  0000aea4    00000004     --HOLE-- [fill = 0]
                  0000aea8    0000007c                   : BIOS.obj (.text:ti_sysbios_heaps_HeapMem_free__E)
                  0000af24    0000007a     driverlib.lib : adc.obj (.text:ADCSequenceStepConfigure)
                  0000af9e    0000007a     rtsv7M4_T_le_v4SPD16_eabi.lib : memset_t2.obj (.text)
                  0000b018    00000070     sensorlib.lib : sht21.obj (.text:SHT21DataHumidityGetFloat)
                  0000b088    00000070     sysbios.aem4f : BIOS.obj (.text:ti_sysbios_knl_Semaphore_post__E)
                  0000b0f8    0000006d     ti.targets.arm.rtsarm.aem4f : System.oem4f (.text:xdc_runtime_System_formatNum__I)
                  0000b165    00000003     --HOLE-- [fill = 0]
                  0000b168    0000006c     sysbios.aem4f : BIOS.obj (.text:ti_sysbios_knl_Clock_workFunc__E)
                  0000b1d4    00000004     --HOLE-- [fill = 0]
                  0000b1d8    0000006c                   : BIOS.obj (.text:ti_sysbios_knl_Swi_restoreHwi__E)
                  0000b244    00000004     --HOLE-- [fill = 0]
                  0000b248    0000006c                   : BIOS.obj (.text:ti_sysbios_knl_Task_exit__E)
                  0000b2b4    0000006c     ti.targets.arm.rtsarm.aem4f : Error.oem4f (.text:xdc_runtime_Error_print__E)
                  0000b320    0000006c                                 : Memory.oem4f (.text:xdc_runtime_Memory_alloc__E)
                  0000b38c    0000006a     rtsv7M4_T_le_v4SPD16_eabi.lib : copy_decompress_rle.obj (.text)
                  0000b3f6    00000002     --HOLE-- [fill = 0]
                  0000b3f8    00000068     driverlib.lib : interrupt.obj (.text:IntDisable)
                  0000b460    00000068                   : interrupt.obj (.text:IntEnable)
                  0000b4c8    00000068     rtsv7M4_T_le_v4SPD16_eabi.lib : trgmsg.obj (.text)
                  0000b530    00000066     ti.targets.arm.rtsarm.aem4f : Core-mem.oem4f (.text:xdc_runtime_Core_deleteObject__I)
                  0000b596    00000002     --HOLE-- [fill = 0]
                  0000b598    00000064     driverlib.lib : interrupt.obj (.text:IntIsEnabled)
                  0000b5fc    00000004     --HOLE-- [fill = 0]
                  0000b600    00000064     sysbios.aem4f : BIOS.obj (.text:ti_sysbios_family_arm_lm4_Timer_Module_startup__E)
                  0000b664    00000004     --HOLE-- [fill = 0]
                  0000b668    00000064                   : BIOS.obj (.text:ti_sysbios_family_arm_m3_Hwi_dispatchC__I)
                  0000b6cc    00000060     sensorlib.lib : sht21.obj (.text:SHT21DataTemperatureGetFloat)
                  0000b72c    00000060     driverlib.lib : timer.obj (.text:TimerConfigure)
                  0000b78c    00000004     --HOLE-- [fill = 0]
                  0000b790    00000060     sysbios.aem4f : BIOS.obj (.text:ti_sysbios_knl_Task_schedule__I)
                  0000b7f0    0000005e     sensorlib.lib : i2cm_drv.obj (.text:I2CMStateWritePause)
                  0000b84e    0000005e     rtsv7M4_T_le_v4SPD16_eabi.lib : i_divt2.obj (.text)
                  0000b8ac    00000004     --HOLE-- [fill = 0]
                  0000b8b0    0000005c     sysbios.aem4f : BIOS.obj (.text:ti_sysbios_knl_Swi_run__I)
                  0000b90c    00000004     --HOLE-- [fill = 0]
                  0000b910    0000005c                   : BIOS.obj (.text:ti_sysbios_knl_Swi_schedule__I)
                  0000b96c    00000004     --HOLE-- [fill = 0]
                  0000b970    0000005c                   : BIOS.obj (.text:ti_sysbios_knl_Task_Module_startup__E)
                  0000b9cc    00000004     --HOLE-- [fill = 0]
                  0000b9d0    0000005c                   : BIOS.obj (.text:ti_sysbios_knl_Task_startCore__E)
                  0000ba2c    0000005b     ti.targets.arm.rtsarm.aem4f : Text.oem4f (.text:xdc_runtime_Text_putLab__E)
                  0000ba87    00000001     --HOLE-- [fill = 0]
                  0000ba88    00000058     boot.aem4f : boot.oem4f (.text)
                  0000bae0    00000058     sysbios.aem4f : m3_Hwi_asm_switch.obj (.text:ti_sysbios_family_arm_m3_Hwi_initStacks__E)
                  0000bb38    00000056     driverlib.lib : gpio.obj (.text:GPIOIntTypeSet)
                  0000bb8e    00000002     --HOLE-- [fill = 0]
                  0000bb90    00000054     sensorlib.lib : i2cm_drv.obj (.text:I2CMWrite8)
                  0000bbe4    00000004     --HOLE-- [fill = 0]
                  0000bbe8    00000054     sysbios.aem4f : BIOS.obj (.text:ti_sysbios_family_arm_lm4_Timer_initDevice__I)
                  0000bc3c    00000054     wifi_node_ap_pem4f.oem4f (.text:ti_sysbios_knl_Task_construct)
                  0000bc90    00000054     ti.targets.arm.rtsarm.aem4f : Assert.oem4f (.text:xdc_runtime_Assert_raise__I)
                  0000bce4    00000050     sensorlib.lib : i2cm_drv.obj (.text:I2CMStateWriteFinal)
                  0000bd34    00000050     Boot.aem4f : Boot_sysctl.oem4f (.text:_SysCtlFrequencyGet)
                  0000bd84    00000004     --HOLE-- [fill = 0]
                  0000bd88    00000050     sysbios.aem4f : BIOS.obj (.text:ti_sysbios_family_arm_m3_Hwi_Module_startup__E)
                  0000bdd8    00000050     ti.targets.arm.rtsarm.aem4f : Startup.oem4f (.text:xdc_runtime_Startup_exec__E)
                  0000be28    00000050                                 : Text.oem4f (.text:xdc_runtime_Text_visitRope2__I)
                  0000be78    0000004c     sensorlib.lib : sht21.obj (.text:SHT21DataRead)
                  0000bec4    0000004c                   : sht21.obj (.text:SHT21Init)
                  0000bf10    0000004c                   : sht21.obj (.text:SHT21Write)
                  0000bf5c    0000004c     rtsv7M4_T_le_v4SPD16_eabi.lib : cpy_tbl.obj (.text)
                  0000bfa8    0000004c     sysbios.aem4f : BIOS.obj (.text:ti_sysbios_heaps_HeapMem_getStats__E)
                  0000bff4    00000004     --HOLE-- [fill = 0]
                  0000bff8    0000004c                   : BIOS.obj (.text:ti_sysbios_knl_Swi_runLoop__I)
                  0000c044    00000004     --HOLE-- [fill = 0]
                  0000c048    0000004c                   : BIOS.obj (.text:ti_sysbios_knl_Task_allBlockedFunction__I)
                  0000c094    0000004a     sensorlib.lib : i2cm_drv.obj (.text:I2CMStateReadNext)
                  0000c0de    00000002     --HOLE-- [fill = 0]
                  0000c0e0    00000048     driverlib.lib : gpio.obj (.text:GPIOPinConfigure)
                  0000c128    00000048     sensorlib.lib : i2cm_drv.obj (.text:I2CMStateWriteNext)
                  0000c170    00000048     driverlib.lib : i2c.obj (.text:I2CMasterInitExpClk)
                  0000c1b8    00000048                   : sysctl.obj (.text:_SysCtlFrequencyGet)
                  0000c200    00000048     rtsv7M4_T_le_v4SPD16_eabi.lib : fd_tos_t2.obj (.text)
                  0000c248    00000048     sysbios.aem4f : BIOS.obj (.text:ti_sysbios_family_arm_lm4_Timer_enableTimers__I)
                  0000c290    00000048                   : BIOS.obj (.text:ti_sysbios_family_arm_m3_Hwi_disableInterrupt__E)
                  0000c2d8    00000048                   : BIOS.obj (.text:ti_sysbios_family_arm_m3_Hwi_enableInterrupt__E)
                  0000c320    00000048                   : BIOS.obj (.text:ti_sysbios_family_arm_m3_Hwi_excReserved__I)
                  0000c368    00000046     driverlib.lib : uart.obj (.text:UARTConfigSetExpClk)
                  0000c3ae    00000046     ti.targets.arm.rtsarm.aem4f : Core-params.oem4f (.text:xdc_runtime_Core_assignParams__I)
                  0000c3f4    00000044     sensorlib.lib : i2cm_drv.obj (.text:I2CMStateCallback)
                  0000c438    00000044     rtsv7M4_T_le_v4SPD16_eabi.lib : exit.obj (.text)
                  0000c47c    00000004     --HOLE-- [fill = 0]
                  0000c480    00000044     sysbios.aem4f : BIOS.obj (.text:ti_sysbios_family_arm_lm4_Timer_isrStub__E)
                  0000c4c4    00000004     --HOLE-- [fill = 0]
                  0000c4c8    00000044                   : BIOS.obj (.text:ti_sysbios_family_arm_m3_Hwi_getStackInfo__E)
                  0000c50c    00000004     --HOLE-- [fill = 0]
                  0000c510    00000044                   : BIOS.obj (.text:ti_sysbios_knl_Swi_post__E)
                  0000c554    00000044     ti.targets.arm.rtsarm.aem4f : Error.oem4f (.text:xdc_runtime_Error_setX__E)
                  0000c598    00000044                                 : SysMin.oem4f (.text:xdc_runtime_SysMin_flush__E)
                  0000c5dc    00000044                                 : Text.oem4f (.text:xdc_runtime_Text_xprintf__I)
                  0000c620    00000042     sensorlib.lib : i2cm_drv.obj (.text:I2CMStateReadFinal)
                  0000c662    00000040                   : i2cm_drv.obj (.text:I2CMWrite8Callback)
                  0000c6a2    00000040     rtsv7M4_T_le_v4SPD16_eabi.lib : u_divt2.obj (.text)
                  0000c6e2    00000006     driverlib.lib : gpio.obj (.text:GPIOPinWrite)
                  0000c6e8    00000040     sysbios.aem4f : BIOS.obj (.text:ti_sysbios_family_arm_lm4_Timer_startup__E)
                  0000c728    00000040     wifi_node_ap_pem4f.oem4f (.text:ti_sysbios_family_arm_m3_Hwi_Object__get__S)
                  0000c768    00000040     wifi_node_ap_pem4f.oem4f (.text:ti_sysbios_gates_GateHwi_Object__create__S)
                  0000c7a8    00000040     wifi_node_ap_pem4f.oem4f (.text:ti_sysbios_gates_GateMutex_Object__create__S)
                  0000c7e8    00000040     sysbios.aem4f : BIOS.obj (.text:ti_sysbios_heaps_HeapMem_Instance_init__E)
                  0000c828    00000040     wifi_node_ap_pem4f.oem4f (.text:ti_sysbios_heaps_HeapMem_Object__create__S)
                  0000c868    00000040     wifi_node_ap_pem4f.oem4f (.text:ti_sysbios_heaps_HeapMem_Object__get__S)
                  0000c8a8    00000040     wifi_node_ap_pem4f.oem4f (.text:ti_sysbios_knl_Swi_Object__get__S)
                  0000c8e8    0000003e     driverlib.lib : adc.obj (.text:ADCSequenceConfigure)
                  0000c926    0000003e     sensorlib.lib : i2cm_drv.obj (.text:I2CMStateReadPause)
                  0000c964    0000003e     wifi_node_ap_pem4f.oem4f (.text:xdc_runtime_SysMin_output__I)
                  0000c9a2    0000003c     driverlib.lib : ssi.obj (.text:SSIConfigSetExpClk)
                  0000c9de    00000002     --HOLE-- [fill = 0]
                  0000c9e0    0000003c     sysbios.aem4f : BIOS.obj (.text:ti_sysbios_family_arm_m3_Hwi_excSvCall__I)
                  0000ca1c    00000004     --HOLE-- [fill = 0]
                  0000ca20    0000003c                   : BIOS.obj (.text:ti_sysbios_heaps_HeapMem_init__I)
                  0000ca5c    00000004     --HOLE-- [fill = 0]
                  0000ca60    0000003c                   : BIOS.obj (.text:ti_sysbios_knl_Swi_restore__E)
                  0000ca9c    0000003c     wifi_node_ap_pem4f.oem4f (.text:ti_sysbios_knl_Task_Object__get__S)
                  0000cad8    00000038     rtsv7M4_T_le_v4SPD16_eabi.lib : fs_tod_t2.obj (.text)
                  0000cb10    00000038     sysbios.aem4f : BIOS.obj (.text:ti_sysbios_family_arm_m3_Hwi_excNoIsr__I)
                  0000cb48    00000038     wifi_node_ap_pem4f.oem4f (.text:ti_sysbios_knl_Clock_doTick__I)
                  0000cb80    00000038     wifi_node_ap_pem4f.oem4f (.text:ti_sysbios_knl_Queue_Object__get__S)
                  0000cbb8    00000038     sysbios.aem4f : BIOS.obj (.text:ti_sysbios_knl_Task_processVitalTaskFlag__I)
                  0000cbf0    00000038     ti.targets.arm.rtsarm.aem4f : SysMin.oem4f (.text:xdc_runtime_SysMin_putch__E)
                  0000cc28    00000038                                 : System.oem4f (.text:xdc_runtime_System_atexit__E)
                  0000cc60    00000034     sensorlib.lib : i2cm_drv.obj (.text:I2CMInit)
                  0000cc94    00000034     driverlib.lib : sysctl.obj (.text:SysCtlPeripheralEnable)
                  0000ccc8    00000034     sysbios.aem4f : BIOS.obj (.text:ti_sysbios_family_arm_m3_Hwi_excNmi__I)
                  0000ccfc    00000004     --HOLE-- [fill = 0]
                  0000cd00    00000034                   : BIOS.obj (.text:ti_sysbios_hal_Hwi_checkStack)
                  0000cd34    00000034     wifi_node_ap_pem4f.oem4f (.text:ti_sysbios_knl_Semaphore_construct)
                  0000cd68    00000034     ti.targets.arm.rtsarm.aem4f : Core-label.oem4f (.text:xdc_runtime_Core_assignLabel__I)
                  0000cd9c    00000033                                 : Text.oem4f (.text:xdc_runtime_Text_printVisFxn__I)
                  0000cdcf    00000001     --HOLE-- [fill = 0]
                  0000cdd0    00000032     sysbios.aem4f : BIOS.obj (.text:ti_sysbios_hal_Hwi_initStack)
                  0000ce02    00000030     sensorlib.lib : i2cm_drv.obj (.text:I2CMTransferResume)
                  0000ce32    00000002     --HOLE-- [fill = 0]
                  0000ce34    00000030     wifi_node_ap_pem4f.oem4f (.text:ti_sysbios_BIOS_atExitFunc__I)
                  0000ce64    00000030     wifi_node_ap_pem4f.oem4f (.text:ti_sysbios_BIOS_errorRaiseHook__I)
                  0000ce94    00000030     wifi_node_ap_pem4f.oem4f (.text:ti_sysbios_BIOS_rtsLock__I)
                  0000cec4    00000004     --HOLE-- [fill = 0]
                  0000cec8    00000030     sysbios.aem4f : BIOS.obj (.text:ti_sysbios_family_arm_lm4_Timer_stop__E)
                  0000cef8    00000030                   : BIOS.obj (.text:ti_sysbios_family_arm_m3_TaskSupport_start__E)
                  0000cf28    00000030                   : BIOS.obj (.text:ti_sysbios_gates_GateMutex_enter__E)
                  0000cf58    00000030     wifi_node_ap_pem4f.oem4f (.text:ti_sysbios_knl_Queue_construct)
                  0000cf88    00000030     sysbios.aem4f : BIOS.obj (.text:ti_sysbios_knl_Semaphore_pendTimeout__I)
                  0000cfb8    00000030                   : BIOS.obj (.text:ti_sysbios_knl_Task_unblockI__E)
                  0000cfe8    00000030     ti.targets.arm.rtsarm.aem4f : SysMin.oem4f (.text:xdc_runtime_SysMin_abort__E)
                  0000d018    00000030                                 : System.oem4f (.text:xdc_runtime_System_processAtExit__E)
                  0000d048    0000002e     driverlib.lib : adc.obj (.text:ADCIntStatus)
                  0000d076    00000002     --HOLE-- [fill = 0]
                  0000d078    0000002c     wifi_node_ap_pem4f.oem4f (.text:ti_sysbios_BIOS_rtsUnlock__I)
                  0000d0a4    0000002c     wifi_node_ap_pem4f.oem4f (.text:ti_sysbios_knl_Task_Params__init__S)
                  0000d0d0    0000002c     sysbios.aem4f : BIOS.obj (.text:ti_sysbios_knl_Task_restore__E)
                  0000d0fc    0000002c     ti.targets.arm.rtsarm.aem4f : Text.oem4f (.text:xdc_runtime_Text_cordText__E)
                  0000d128    0000002a     driverlib.lib : gpio.obj (.text:GPIODirModeSet)
                  0000d152    0000002a     sensorlib.lib : i2cm_drv.obj (.text:I2CMStateReadFirst)
                  0000d17c    0000002a     ti.targets.arm.rtsarm.aem4f : System.oem4f (.text:xdc_runtime_System_putchar__I)
                  0000d1a6    00000002     --HOLE-- [fill = 0]
                  0000d1a8    00000028     wifi_node_ap_pem4f.oem4f (.text:ti_sysbios_gates_GateMutex_Object__delete__S)
                  0000d1d0    00000028     sysbios.aem4f : BIOS.obj (.text:ti_sysbios_knl_Clock_addI__E)
                  0000d1f8    00000028                   : BIOS.obj (.text:ti_sysbios_knl_Swi_Module_startup__E)
                  0000d220    00000028     wifi_node_ap_pem4f.oem4f (.text:xdc_runtime_System_aprintf__E)
                  0000d248    00000028     wifi_node_ap_pem4f.oem4f (.text:xdc_runtime_System_printf__E)
                  0000d270    00000026     sysbios.aem4f : m3_Hwi_asm.obj (.text:ti_sysbios_family_arm_m3_Hwi_pendSV__I)
                  0000d296    00000026     ti.targets.arm.rtsarm.aem4f : System.oem4f (.text:xdc_runtime_System_avprintf__E)
                  0000d2bc    00000024     driverlib.lib : interrupt.obj (.text:IntPrioritySet)
                  0000d2e0    00000024     wifi_node_ap_pem4f.oem4f (.text:ti_sysbios_BIOS_registerRTSLock__I)
                  0000d304    00000024     wifi_node_ap_pem4f.oem4f (.text:ti_sysbios_BIOS_startFunc__I)
                  0000d328    00000024     wifi_node_ap_pem4f.oem4f (.text:ti_sysbios_gates_GateHwi_Object__delete__S)
                  0000d34c    00000024     wifi_node_ap_pem4f.oem4f (.text:ti_sysbios_heaps_HeapMem_Object__delete__S)
                  0000d370    00000024     sysbios.aem4f : BIOS.obj (.text:ti_sysbios_knl_Clock_Module_startup__E)
                  0000d394    00000004     --HOLE-- [fill = 0]
                  0000d398    00000024                   : BIOS.obj (.text:ti_sysbios_knl_Semaphore_Instance_init__E)
                  0000d3bc    00000004     --HOLE-- [fill = 0]
                  0000d3c0    00000024                   : BIOS.obj (.text:ti_sysbios_knl_Task_restoreHwi__E)
                  0000d3e4    00000024     ti.targets.arm.rtsarm.aem4f : System.oem4f (.text:xdc_runtime_System_vprintf__E)
                  0000d408    00000022     driverlib.lib : pwm.obj (.text:PWMGenConfigure)
                  0000d42a    00000022     rtsv7M4_T_le_v4SPD16_eabi.lib : memcmp.obj (.text)
                  0000d44c    00000004     --HOLE-- [fill = 0]
                  0000d450    00000022     sysbios.aem4f : BIOS.obj (.text:ti_sysbios_family_arm_lm4_Timer_write__I)
                  0000d472    00000022     wifi_node_ap_pem4f.oem4f (.text:ti_sysbios_family_arm_m3_Hwi_Handle__label__S)
                  0000d494    00000022     wifi_node_ap_pem4f.oem4f (.text:ti_sysbios_gates_GateHwi_Handle__label__S)
                  0000d4b6    00000022     wifi_node_ap_pem4f.oem4f (.text:ti_sysbios_gates_GateMutex_Handle__label__S)
                  0000d4d8    00000022     wifi_node_ap_pem4f.oem4f (.text:ti_sysbios_heaps_HeapMem_Handle__label__S)
                  0000d4fa    00000022     wifi_node_ap_pem4f.oem4f (.text:ti_sysbios_knl_Swi_Handle__label__S)
                  0000d51c    00000022     wifi_node_ap_pem4f.oem4f (.text:ti_sysbios_knl_Task_Handle__label__S)
                  0000d53e    00000020     sensorlib.lib : i2cm_drv.obj (.text:I2CMStateReadOne)
                  0000d55e    00000002     --HOLE-- [fill = 0]
                  0000d560    00000020     driverlib.lib : interrupt.obj (.text:IntPriorityGroupingSet)
                  0000d580    00000020                   : uart.obj (.text:UARTDisable)
                  0000d5a0    00000020     Boot.aem4f : Boot_sysctl.oem4f (.text:_SysCtlMemTimingGet)
                  0000d5c0    00000020     driverlib.lib : sysctl.obj (.text:_SysCtlMemTimingGet)
                  0000d5e0    00000020     wifi_node_ap_pem4f.oem4f (.text:ti_sysbios_BIOS_removeRTSLock__I)
                  0000d600    00000020     sysbios.aem4f : m3_Hwi_asm.obj (.text:ti_sysbios_family_arm_m3_Hwi_excHandlerAsm__I)
                  0000d620    00000020                   : BIOS.obj (.text:ti_sysbios_family_arm_m3_Hwi_excHandler__I)
                  0000d640    00000020                   : BIOS.obj (.text:ti_sysbios_knl_Idle_run__E)
                  0000d660    00000020     wifi_node_ap_pem4f.oem4f (.text:ti_sysbios_knl_Semaphore_Object__destruct__S)
                  0000d680    00000020     wifi_node_ap_pem4f.oem4f (.text:xdc_runtime_IHeap_alloc)
                  0000d6a0    00000020     ti.targets.arm.rtsarm.aem4f : Registry.oem4f (.text:xdc_runtime_Registry_findById__E)
                  0000d6c0    00000020                                 : SysMin.oem4f (.text:xdc_runtime_SysMin_Module_startup__E)
                  0000d6e0    00000020     wifi_node_ap_pem4f.oem4f (.text:xdc_runtime_Text_visitRope__I)
                  0000d700    0000001e     driverlib.lib : adc.obj (.text:ADCSequenceDataGet)
                  0000d71e    0000001e                   : pwm.obj (.text:PWMPulseWidthSet)
                  0000d73c    0000001e     sysbios.aem4f : m3_Hwi_asm_switch.obj (.text:ti_sysbios_family_xxx_Hwi_switchAndRunFunc)
                  0000d75a    0000001e     wifi_node_ap_pem4f.oem4f (.text:ti_sysbios_knl_Task_SupportProxy_start__E)
                  0000d778    0000001e     wifi_node_ap_pem4f.oem4f (.text:xdc_runtime_Memory_HeapProxy_alloc__E)
                  0000d796    00000002     --HOLE-- [fill = 0]
                  0000d798    0000001c     wifi_node_ap_pem4f.oem4f (.text:ti_sysbios_family_arm_lm4_Timer_Module__startupDone__F)
                  0000d7b4    0000001c     wifi_node_ap_pem4f.oem4f (.text:ti_sysbios_family_arm_m3_Hwi_Module__startupDone__F)
                  0000d7d0    0000001c     sysbios.aem4f : BIOS.obj (.text:ti_sysbios_gates_GateMutex_Instance_init__E)
                  0000d7ec    0000001c     wifi_node_ap_pem4f.oem4f (.text:ti_sysbios_knl_Queue_Object__destruct__S)
                  0000d808    0000001c     sysbios.aem4f : BIOS.obj (.text:ti_sysbios_knl_Queue_put__E)
                  0000d824    00000004     --HOLE-- [fill = 0]
                  0000d828    0000001c                   : BIOS.obj (.text:ti_sysbios_knl_Task_enter__I)
                  0000d844    0000001c     ti.targets.arm.rtsarm.aem4f : Error.oem4f (.text:xdc_runtime_Error_raiseX__E)
                  0000d860    0000001c                                 : Memory.oem4f (.text:xdc_runtime_Memory_valloc__E)
                  0000d87c    0000001c     wifi_node_ap_pem4f.oem4f (.text:xdc_runtime_Startup_exec__I)
                  0000d898    0000001c     ti.targets.arm.rtsarm.aem4f : SysMin.oem4f (.text:xdc_runtime_SysMin_exit__E)
                  0000d8b4    0000001c                                 : System.oem4f (.text:xdc_runtime_System_abort__E)
                  0000d8d0    0000001a     sensorlib.lib : i2cm_drv.obj (.text:I2CMStateReadWait)
                  0000d8ea    0000001a     wifi_node_ap_pem4f.oem4f (.text:xdc_runtime_IHeap_free)
                  0000d904    00000018     driverlib.lib : adc.obj (.text:ADCProcessorTrigger)
                  0000d91c    00000018                   : gpio.obj (.text:GPIOPinTypeGPIOOutput)
                  0000d934    00000018                   : timer.obj (.text:TimerDisable)
                  0000d94c    00000018     rtsv7M4_T_le_v4SPD16_eabi.lib : args_main.obj (.text)
                  0000d964    00000018     sysbios.aem4f : m3_TaskSupport_asm.obj (.text:ti_sysbios_family_arm_m3_TaskSupport_swap__E)
                  0000d97c    00000004     --HOLE-- [fill = 0]
                  0000d980    00000018                   : BIOS.obj (.text:ti_sysbios_gates_GateMutex_leave__E)
                  0000d998    00000018     ti.targets.arm.rtsarm.aem4f : Error.oem4f (.text:xdc_runtime_Error_check__E)
                  0000d9b0    00000018                                 : System.oem4f (.text:xdc_runtime_System_exit__E)
                  0000d9c8    00000018                                 : Text.oem4f (.text:xdc_runtime_Text_ropeText__E)
                  0000d9e0    00000016     sensorlib.lib : sht21.obj (.text:SHT21Callback)
                  0000d9f6    00000016     wifi_node_ap_pem4f.oem4f (.text:ti_sysbios_BIOS_exitFunc__I)
                  0000da0c    00000014     wifi_node_ap_pem4f.oem4f (.text:.bootCodeSection:ti_catalog_arm_cortexm4_tiva_ce_Boot_init__I)
                  0000da20    00000014     driverlib.lib : pwm.obj (.text:PWMClockSet)
                  0000da34    00000014                   : sysctl.obj (.text:SysCtlPWMClockSet)
                  0000da48    00000014                   : uart.obj (.text:UARTEnable)
                  0000da5c    00000014     rtsv7M4_T_le_v4SPD16_eabi.lib : _lock.obj (.text)
                  0000da70    00000014                                   : strcpy.obj (.text)
                  0000da84    00000014                                   : strlen.obj (.text)
                  0000da98    00000014     sysbios.aem4f : BIOS.obj (.text:ti_sysbios_family_arm_m3_Hwi_switchFromBootStack__E)
                  0000daac    00000014     wifi_node_ap_pem4f.oem4f (.text:ti_sysbios_hal_Hwi_HwiProxy_getStackInfo__E)
                  0000dac0    00000014     wifi_node_ap_pem4f.oem4f (.text:ti_sysbios_knl_Clock_Module_State_clockQ)
                  0000dad4    00000014     wifi_node_ap_pem4f.oem4f (.text:xdc_runtime_Memory_HeapProxy_free__E)
                  0000dae8    00000012     driverlib.lib : gpio.obj (.text:GPIOPinTypeEthernetLED)
                  0000dafa    00000012                   : gpio.obj (.text:GPIOPinTypeGPIOInput)
                  0000db0c    00000012                   : gpio.obj (.text:GPIOPinTypeI2CSCL)
                  0000db1e    00000012                   : gpio.obj (.text:GPIOPinTypePWM)
                  0000db30    00000012                   : gpio.obj (.text:GPIOPinTypeSSI)
                  0000db42    00000012                   : gpio.obj (.text:GPIOPinTypeUART)
                  0000db54    00000012                   : pwm.obj (.text:PWMGenPeriodGet)
                  0000db66    00000012                   : pwm.obj (.text:PWMOutputInvert)
                  0000db78    00000012                   : pwm.obj (.text:PWMOutputState)
                  0000db8a    00000012                   : ssi.obj (.text:SSIDataGetNonBlocking)
                  0000db9c    00000012                   : timer.obj (.text:TimerLoadSet)
                  0000dbae    00000002     --HOLE-- [fill = 0]
                  0000dbb0    00000012     sysbios.aem4f : BIOS.obj (.text:ti_sysbios_hal_Hwi_Module_startup__E)
                  0000dbc2    00000002     --HOLE-- [fill = 0]
                  0000dbc4    00000010     driverlib.lib : fpu.obj (.text:FPUEnable)
                  0000dbd4    00000010                   : fpu.obj (.text:FPULazyStackingEnable)
                  0000dbe4    00000010                   : interrupt.obj (.text:IntMasterEnable)
                  0000dbf4    00000010                   : pwm.obj (.text:PWMGenPeriodSet)
                  0000dc04    00000010     wifi_node_ap_pem4f.oem4f (.text:ti_sysbios_BIOS_RtsGateProxy_leave__E)
                  0000dc14    00000004     --HOLE-- [fill = 0]
                  0000dc18    00000010     sysbios.aem4f : BIOS.obj (.text:ti_sysbios_BIOS_getCpuFreq__E)
                  0000dc28    00000010                   : BIOS.obj (.text:ti_sysbios_BIOS_setThreadType__E)
                  0000dc38    00000010                   : BIOS.obj (.text:ti_sysbios_BIOS_start__E)
                  0000dc48    00000010                   : m3_TaskSupport_asm.obj (.text:ti_sysbios_family_arm_m3_TaskSupport_glue)
                  0000dc58    00000010                   : BIOS.obj (.text:ti_sysbios_gates_GateMutex_Instance_finalize__E)
                  0000dc68    00000010     wifi_node_ap_pem4f.oem4f (.text:ti_sysbios_heaps_HeapMem_Module_GateProxy_leave__E)
                  0000dc78    00000010     sysbios.aem4f : BIOS.obj (.text:ti_sysbios_knl_Semaphore_Instance_finalize__E)
                  0000dc88    00000010                   : BIOS.obj (.text:ti_sysbios_knl_Swi_disable__E)
                  0000dc98    00000010     wifi_node_ap_pem4f.oem4f (.text:ti_sysbios_knl_Task_SupportProxy_checkStack__E)
                  0000dca8    00000010     wifi_node_ap_pem4f.oem4f (.text:ti_sysbios_knl_Task_SupportProxy_swap__E)
                  0000dcb8    00000010     sysbios.aem4f : BIOS.obj (.text:ti_sysbios_knl_Task_disable__E)
                  0000dcc8    00000010     ti.targets.arm.rtsarm.aem4f : Gate.oem4f (.text:xdc_runtime_Gate_leaveSystem__E)
                  0000dcd8    00000010                                 : Memory.oem4f (.text:xdc_runtime_Memory_free__E)
                  0000dce8    00000010                                 : SysMin.oem4f (.text:xdc_runtime_SysMin_ready__E)
                  0000dcf8    00000010     wifi_node_ap_pem4f.oem4f (.text:xdc_runtime_System_Module_GateProxy_leave__E)
                  0000dd08    00000010     wifi_node_ap_pem4f.oem4f (.text:xdc_runtime_System_SupportProxy_putch__E)
                  0000dd18    00000010     ti.targets.arm.rtsarm.aem4f : System.oem4f (.text:xdc_runtime_System_vsnprintf__E)
                  0000dd28    0000000e     driverlib.lib : adc.obj (.text:ADCSequenceEnable)
                  0000dd36    0000000e                   : gpio.obj (.text:GPIOIntDisable)
                  0000dd44    0000000e                   : gpio.obj (.text:GPIOIntStatus)
                  0000dd52    0000000e                   : ssi.obj (.text:SSIDataPutNonBlocking)
                  0000dd60    0000000e                   : timer.obj (.text:TimerEnable)
                  0000dd6e    0000000e     rtsv7M4_T_le_v4SPD16_eabi.lib : copy_decompress_none.obj (.text:decompress:none)
                  0000dd7c    00000004     --HOLE-- [fill = 0]
                  0000dd80    0000000e     sysbios.aem4f : BIOS.obj (.text:ti_sysbios_knl_Idle_loop__E)
                  0000dd8e    00000002     --HOLE-- [fill = 0]
                  0000dd90    0000000e                   : BIOS.obj (.text:ti_sysbios_knl_Queue_empty__E)
                  0000dd9e    0000000c     driverlib.lib : cpu.obj (.text:CPUcpsie)
                  0000ddaa    0000000c                   : gpio.obj (.text:GPIOIntEnable)
                  0000ddb6    00000002     --HOLE-- [fill = 0]
                  0000ddb8    0000000c                   : interrupt.obj (.text:IntTrigger)
                  0000ddc4    0000000c                   : pwm.obj (.text:PWMGenDisable)
                  0000ddd0    0000000c                   : pwm.obj (.text:PWMGenEnable)
                  0000dddc    0000000c     sensorlib.lib : sht21.obj (.text:SHT21DataHumidityGetRaw)
                  0000dde8    0000000c                   : sht21.obj (.text:SHT21DataTemperatureGetRaw)
                  0000ddf4    0000000c     driverlib.lib : sysctl.obj (.text:SysCtlMOSCConfigSet)
                  0000de00    0000000c     rtsv7M4_T_le_v4SPD16_eabi.lib : copy_zero_init.obj (.text:decompress:ZI)
                  0000de0c    0000000c     wifi_node_ap_pem4f.oem4f (.text:ti_sysbios_BIOS_RtsGateProxy_enter__E)
                  0000de18    0000000c     sysbios.aem4f : BIOS.obj (.text:ti_sysbios_family_arm_lm4_Timer_getMaxTicks__E)
                  0000de24    00000004     --HOLE-- [fill = 0]
                  0000de28    0000000c                   : BIOS.obj (.text:ti_sysbios_family_arm_m3_Hwi_disableFxn__E)
                  0000de34    00000004     --HOLE-- [fill = 0]
                  0000de38    0000000c                   : BIOS.obj (.text:ti_sysbios_family_arm_m3_TaskSupport_checkStack__E)
                  0000de44    00000004     --HOLE-- [fill = 0]
                  0000de48    0000000c                   : BIOS.obj (.text:ti_sysbios_family_arm_m3_TaskSupport_getStackAlignment__E)
                  0000de54    00000004     --HOLE-- [fill = 0]
                  0000de58    0000000c                   : BIOS.obj (.text:ti_sysbios_gates_GateHwi_enter__E)
                  0000de64    0000000c     wifi_node_ap_pem4f.oem4f (.text:ti_sysbios_heaps_HeapMem_Module_GateProxy_enter__E)
                  0000de70    0000000c     wifi_node_ap_pem4f.oem4f (.text:ti_sysbios_heaps_HeapMem_Module_GateProxy_query__E)
                  0000de7c    0000000c     wifi_node_ap_pem4f.oem4f (.text:ti_sysbios_knl_Clock_TimerProxy_getMaxTicks__E)
                  0000de88    0000000c     wifi_node_ap_pem4f.oem4f (.text:ti_sysbios_knl_Queue_destruct)
                  0000de94    0000000c     wifi_node_ap_pem4f.oem4f (.text:ti_sysbios_knl_Semaphore_destruct)
                  0000dea0    0000000c     wifi_node_ap_pem4f.oem4f (.text:xdc_iargToPtr)
                  0000deac    0000000c     ti.targets.arm.rtsarm.aem4f : Error.oem4f (.text:xdc_runtime_Error_init__E)
                  0000deb8    0000000c                                 : Gate.oem4f (.text:xdc_runtime_Gate_enterSystem__E)
                  0000dec4    0000000c                                 : Memory.oem4f (.text:xdc_runtime_Memory_calloc__E)
                  0000ded0    0000000c                                 : Memory.oem4f (.text:xdc_runtime_Memory_getMaxDefaultTypeAlign__E)
                  0000dedc    0000000c     wifi_node_ap_pem4f.oem4f (.text:xdc_runtime_System_Module_GateProxy_enter__E)
                  0000dee8    0000000c     wifi_node_ap_pem4f.oem4f (.text:xdc_runtime_System_SupportProxy_abort__E)
                  0000def4    0000000c     wifi_node_ap_pem4f.oem4f (.text:xdc_runtime_System_SupportProxy_exit__E)
                  0000df00    0000000a     driverlib.lib : adc.obj (.text:ADCIntClear)
                  0000df0a    0000000a                   : i2c.obj (.text:I2CMasterEnable)
                  0000df14    0000000a                   : ssi.obj (.text:SSIEnable)
                  0000df1e    0000000a                   : uart.obj (.text:UARTCharGet)
                  0000df28    0000000a                   : uart.obj (.text:UARTCharPut)
                  0000df32    0000000a                   : uart.obj (.text:UARTIntStatus)
                  0000df3c    00000008                   : i2c.obj (.text:I2CMasterIntClear)
                  0000df44    00000008                   : i2c.obj (.text:I2CMasterIntEnableEx)
                  0000df4c    00000008                   : i2c.obj (.text:I2CMasterSlaveAddrSet)
                  0000df54    00000008                   : timer.obj (.text:TimerIntEnable)
                  0000df5c    00000008     wifi_node_ap_pem4f.oem4f (.text:ti_sysbios_family_arm_lm4_Timer_Module__startupDone__S)
                  0000df64    00000008     sysbios.aem4f : BIOS.obj (.text:ti_sysbios_family_arm_lm4_Timer_masterDisable__I)
                  0000df6c    00000008     wifi_node_ap_pem4f.oem4f (.text:ti_sysbios_family_arm_m3_Hwi_Module__startupDone__S)
                  0000df74    00000004     --HOLE-- [fill = 0]
                  0000df78    00000008     sysbios.aem4f : BIOS.obj (.text:ti_sysbios_family_arm_m3_Hwi_doSwiRestore__I)
                  0000df80    00000008                   : BIOS.obj (.text:ti_sysbios_family_arm_m3_Hwi_startup__E)
                  0000df88    00000008     wifi_node_ap_pem4f.oem4f (.text:ti_sysbios_hal_Hwi_HwiProxy_Module__startupDone__S)
                  0000df90    00000008     wifi_node_ap_pem4f.oem4f (.text:ti_sysbios_hal_Hwi_HwiProxy_startup__E)
                  0000df98    00000008     wifi_node_ap_pem4f.oem4f (.text:ti_sysbios_hal_Hwi_HwiProxy_switchFromBootStack__E)
                  0000dfa0    00000008     wifi_node_ap_pem4f.oem4f (.text:ti_sysbios_knl_Clock_TimerProxy_Module__startupDone__S)
                  0000dfa8    00000008     wifi_node_ap_pem4f.oem4f (.text:ti_sysbios_knl_Task_SupportProxy_Module__startupDone__S)
                  0000dfb0    00000008     wifi_node_ap_pem4f.oem4f (.text:ti_sysbios_knl_Task_SupportProxy_getStackAlignment__E)
                  0000dfb8    00000008     wifi_node_ap_pem4f.oem4f (.text:xdc_runtime_System_SupportProxy_ready__E)
                  0000dfc0    00000006     driverlib.lib : sysctl.obj (.text:SysCtlDelay)
                  0000dfc6    00000006     ti.targets.arm.rtsarm.aem4f : xdc_noinit.oem4f (.text:__xdc__init)
                  0000dfcc    00000006     rtsv7M4_T_le_v4SPD16_eabi.lib : copy_decompress_rle.obj (.text:decompress:rle24)
                  0000dfd2    00000006     ti.targets.arm.rtsarm.aem4f : System.oem4f (.text:xdc_runtime_System_Module_startup__E)
                  0000dfd8    00000006     sysbios.aem4f : BIOS.obj (.text:ti_sysbios_family_arm_m3_Hwi_doTaskRestore__I)
                  0000dfde    00000002     --HOLE-- [fill = 0]
                  0000dfe0    00000006                   : BIOS.obj (.text:ti_sysbios_family_arm_m3_Hwi_restoreFxn__E)
                  0000dfe6    00000002     --HOLE-- [fill = 0]
                  0000dfe8    00000006                   : BIOS.obj (.text:ti_sysbios_gates_GateHwi_leave__E)
                  0000dfee    00000002     --HOLE-- [fill = 0]
                  0000dff0    00000006                   : BIOS.obj (.text:ti_sysbios_heaps_HeapMem_isBlocking__E)
                  0000dff6    00000002     --HOLE-- [fill = 0]
                  0000dff8    00000006                   : BIOS.obj (.text:ti_sysbios_knl_Queue_Instance_init__E)
                  0000dffe    00000002     --HOLE-- [fill = 0]
                  0000e000    00000006                   : BIOS.obj (.text:ti_sysbios_knl_Swi_startup__E)
                  0000e006    00000002     --HOLE-- [fill = 0]
                  0000e008    00000004                   : BIOS.obj (.text:ti_sysbios_gates_GateHwi_query__E)
                  0000e00c    00000004     --HOLE-- [fill = 0]
                  0000e010    00000004                   : BIOS.obj (.text:ti_sysbios_gates_GateMutex_query__E)
                  0000e014    00000004     --HOLE-- [fill = 0]
                  0000e018    00000004                   : BIOS.obj (.text:ti_sysbios_knl_Task_startup__E)
                  0000e01c    00000004     --HOLE-- [fill = 0]
                  0000e020    00000002                   : BIOS.obj (.text:ti_sysbios_gates_GateHwi_Instance_init__E)
                  0000e022    00000006     --HOLE-- [fill = 0]
                  0000e028    00000002                   : BIOS.obj (.text:ti_sysbios_knl_Clock_logTick__E)

.const     0    0000e02c    000024ed     
                  0000e02c    000018c0     wifi_node_ap_pem4f.oem4f (.const:xdc_runtime_Text_charTab__A)
                  0000f8ec    00000120     Boot.aem4f : Boot_sysctl.oem4f (.const:g_pppui32XTALtoVCO)
                  0000fa0c    00000120     driverlib.lib : sysctl.obj (.const:g_pppui32XTALtoVCO)
                  0000fb2c    000000bc     wifi_node_ap_pem4f.oem4f (.const:xdc_runtime_Text_nodeTab__A)
                  0000fbe8    0000009c     driverlib.lib : interrupt.obj (.const:g_pui32Regs)
                  0000fc84    00000090                   : gpio.obj (.const:g_pui32GPIOBaseAddrs)
                  0000fd14    00000070                   : interrupt.obj (.const)
                  0000fd84    0000006c     Boot.aem4f : Boot_sysctl.oem4f (.const:g_pui32Xtals)
                  0000fdf0    0000006c     driverlib.lib : sysctl.obj (.const:g_pui32Xtals)
                  0000fe5c    00000048     wifi_node_ap_pem4f.oem4f (.const:.string)
                  0000fea4    0000003c     driver.obj (.const:OpcodeTranslateTable)
                  0000fee0    0000003c     wifi_node_ap_pem4f.oem4f (.const:ti_sysbios_knl_Task_Object__PARAMS__C)
                  0000ff1c    0000003c     wlan.obj (.const)
                  0000ff58    00000038     driver.obj (.const:_SlActionLookupTable)
                  0000ff90    00000034     socket.obj (.const)
                  0000ffc4    00000030     driver.obj (.const)
                  0000fff4    00000030     Boot.aem4f : Boot_sysctl.oem4f (.const:g_sXTALtoMEMTIM)
                  00010024    00000030     driverlib.lib : sysctl.obj (.const:g_sXTALtoMEMTIM)
                  00010054    0000002c     main.obj (.const:$P$T0$1)
                  00010080    00000028     netapp.obj (.const)
                  000100a8    00000028     wifi_node_ap_pem4f.oem4f (.const:ti_sysbios_heaps_HeapMem_Module__FXNS__C)
                  000100d0    00000024     wifi_node_ap_pem4f.oem4f (.const:ti_sysbios_gates_GateHwi_Module__FXNS__C)
                  000100f4    00000024     wifi_node_ap_pem4f.oem4f (.const:ti_sysbios_gates_GateMutex_Module__FXNS__C)
                  00010118    00000024     wifi_node_ap_pem4f.oem4f (.const:ti_sysbios_heaps_HeapMem_Object__PARAMS__C)
                  0001013c    00000024     wifi_node_ap_pem4f.oem4f (.const:ti_sysbios_knl_Semaphore_Object__PARAMS__C)
                  00010160    00000020     EK_TM4C1294XL.obj (.const)
                  00010180    00000020     main.obj (.const)
                  000101a0    00000020     wifi_node_ap_pem4f.oem4f (.const:ti_sysbios_gates_GateHwi_Object__DESC__C)
                  000101c0    00000020     wifi_node_ap_pem4f.oem4f (.const:ti_sysbios_gates_GateMutex_Object__DESC__C)
                  000101e0    00000020     wifi_node_ap_pem4f.oem4f (.const:ti_sysbios_heaps_HeapMem_Object__DESC__C)
                  00010200    00000020     wifi_node_ap_pem4f.oem4f (.const:ti_sysbios_knl_Queue_Object__DESC__C)
                  00010220    00000020     wifi_node_ap_pem4f.oem4f (.const:ti_sysbios_knl_Semaphore_Object__DESC__C)
                  00010240    00000020     wifi_node_ap_pem4f.oem4f (.const:ti_sysbios_knl_Task_Object__DESC__C)
                  00010260    00000020     wifi_node_ap_pem4f.oem4f (.const:xdc_runtime_Startup_sfxnTab__A)
                  00010280    0000001c     device.obj (.const)
                  0001029c    00000018     EK_TM4C1294XL.obj (.const:PWM_config)
                  000102b4    00000018     wifi_node_ap_pem4f.oem4f (.const:ti_sysbios_gates_GateHwi_Object__PARAMS__C)
                  000102cc    00000018     wifi_node_ap_pem4f.oem4f (.const:ti_sysbios_gates_GateMutex_Object__PARAMS__C)
                  000102e4    00000018     wifi_node_ap_pem4f.oem4f (.const:ti_sysbios_knl_Queue_Object__PARAMS__C)
                  000102fc    00000018     wifi_node_ap_pem4f.oem4f (.const)
                  00010314    00000014     wifi_node_ap_pem4f.oem4f (.const:xdc_runtime_Startup_firstFxns__A)
                  00010328    00000010     socket.obj (.const:.string)
                  00010338    00000010     wifi_node_ap_pem4f.oem4f (.const:xdc_runtime_Startup_sfxnRts__A)
                  00010348    0000000c     EK_TM4C1294XL.obj (.const:pwmTivaHWAttrs)
                  00010354    00000008     Boot.aem4f : Boot_sysctl.oem4f (.const)
                  0001035c    00000008     driverlib.lib : sysctl.obj (.const)
                  00010364    00000008     netcfg.obj (.const)
                  0001036c    00000008     wifi_node_ap_pem4f.oem4f (.const:ti_sysbios_family_arm_m3_Hwi_excHookFuncs__A)
                  00010374    00000008     wifi_node_ap_pem4f.oem4f (.const:ti_sysbios_knl_Idle_funcList__C)
                  0001037c    00000008     wifi_node_ap_pem4f.oem4f (.const:xdc_runtime_Startup_firstFxns__C)
                  00010384    00000008     wifi_node_ap_pem4f.oem4f (.const:xdc_runtime_Startup_lastFxns__C)
                  0001038c    00000004     wifi_node_ap_pem4f.oem4f (.const:ti_catalog_arm_cortexm4_tiva_ce_Boot_A_mustNotUseEnhancedClockMode__C)
                  00010390    00000004     wifi_node_ap_pem4f.oem4f (.const:ti_catalog_arm_cortexm4_tiva_ce_Boot_Module__diagsEnabled__C)
                  00010394    00000004     wifi_node_ap_pem4f.oem4f (.const:ti_catalog_arm_cortexm4_tiva_ce_Boot_Module__diagsIncluded__C)
                  00010398    00000004     wifi_node_ap_pem4f.oem4f (.const:ti_catalog_arm_cortexm4_tiva_ce_Boot_Module__diagsMask__C)
                  0001039c    00000004     wifi_node_ap_pem4f.oem4f (.const:ti_sysbios_BIOS_installedErrorHook__C)
                  000103a0    00000004     wifi_node_ap_pem4f.oem4f (.const:ti_sysbios_family_arm_lm4_Timer_enableFunc__C)
                  000103a4    00000004     wifi_node_ap_pem4f.oem4f (.const:ti_sysbios_family_arm_lm4_Timer_numTimerDevices__C)
                  000103a8    00000004     wifi_node_ap_pem4f.oem4f (.const:ti_sysbios_family_arm_lm4_Timer_startupNeeded__C)
                  000103ac    00000004     wifi_node_ap_pem4f.oem4f (.const:ti_sysbios_family_arm_m3_Hwi_E_NMI__C)
                  000103b0    00000004     wifi_node_ap_pem4f.oem4f (.const:ti_sysbios_family_arm_m3_Hwi_E_busFault__C)
                  000103b4    00000004     wifi_node_ap_pem4f.oem4f (.const:ti_sysbios_family_arm_m3_Hwi_E_debugMon__C)
                  000103b8    00000004     wifi_node_ap_pem4f.oem4f (.const:ti_sysbios_family_arm_m3_Hwi_E_hardFault__C)
                  000103bc    00000004     wifi_node_ap_pem4f.oem4f (.const:ti_sysbios_family_arm_m3_Hwi_E_memFault__C)
                  000103c0    00000004     wifi_node_ap_pem4f.oem4f (.const:ti_sysbios_family_arm_m3_Hwi_E_noIsr__C)
                  000103c4    00000004     wifi_node_ap_pem4f.oem4f (.const:ti_sysbios_family_arm_m3_Hwi_E_reserved__C)
                  000103c8    00000004     wifi_node_ap_pem4f.oem4f (.const:ti_sysbios_family_arm_m3_Hwi_E_svCall__C)
                  000103cc    00000004     wifi_node_ap_pem4f.oem4f (.const:ti_sysbios_family_arm_m3_Hwi_E_usageFault__C)
                  000103d0    00000004     wifi_node_ap_pem4f.oem4f (.const:ti_sysbios_family_arm_m3_Hwi_NUM_INTERRUPTS__C)
                  000103d4    00000004     wifi_node_ap_pem4f.oem4f (.const:ti_sysbios_family_arm_m3_Hwi_Object__count__C)
                  000103d8    00000004     wifi_node_ap_pem4f.oem4f (.const:ti_sysbios_family_arm_m3_Hwi_Object__table__C)
                  000103dc    00000004     wifi_node_ap_pem4f.oem4f (.const:ti_sysbios_family_arm_m3_Hwi_ccr__C)
                  000103e0    00000004     wifi_node_ap_pem4f.oem4f (.const:ti_sysbios_family_arm_m3_Hwi_excHandlerFunc__C)
                  000103e4    00000004     wifi_node_ap_pem4f.oem4f (.const:ti_sysbios_family_arm_m3_Hwi_excHookFuncs__C)
                  000103e8    00000004     wifi_node_ap_pem4f.oem4f (.const:ti_sysbios_family_arm_m3_Hwi_nullIsrFunc__C)
                  000103ec    00000004     wifi_node_ap_pem4f.oem4f (.const:ti_sysbios_family_arm_m3_Hwi_priGroup__C)
                  000103f0    00000004     wifi_node_ap_pem4f.oem4f (.const:ti_sysbios_family_arm_m3_TaskSupport_stackAlignment__C)
                  000103f4    00000004     wifi_node_ap_pem4f.oem4f (.const:ti_sysbios_gates_GateMutex_Instance_State_sem__O)
                  000103f8    00000004     wifi_node_ap_pem4f.oem4f (.const:ti_sysbios_hal_Hwi_E_stackOverflow__C)
                  000103fc    00000004     wifi_node_ap_pem4f.oem4f (.const:ti_sysbios_heaps_HeapMem_E_memory__C)
                  00010400    00000004     wifi_node_ap_pem4f.oem4f (.const:ti_sysbios_heaps_HeapMem_Module__gateObj__C)
                  00010404    00000004     wifi_node_ap_pem4f.oem4f (.const:ti_sysbios_heaps_HeapMem_Object__count__C)
                  00010408    00000004     wifi_node_ap_pem4f.oem4f (.const:ti_sysbios_heaps_HeapMem_Object__table__C)
                  0001040c    00000004     wifi_node_ap_pem4f.oem4f (.const:ti_sysbios_heaps_HeapMem_reqAlign__C)
                  00010410    00000004     wifi_node_ap_pem4f.oem4f (.const:ti_sysbios_knl_Clock_Module_State_clockQ__O)
                  00010414    00000004     wifi_node_ap_pem4f.oem4f (.const:ti_sysbios_knl_Idle_funcList__A)
                  00010418    00000004     wifi_node_ap_pem4f.oem4f (.const:ti_sysbios_knl_Queue_Object__count__C)
                  0001041c    00000004     wifi_node_ap_pem4f.oem4f (.const:ti_sysbios_knl_Queue_Object__table__C)
                  00010420    00000004     wifi_node_ap_pem4f.oem4f (.const:ti_sysbios_knl_Semaphore_Instance_State_pendQ__O)
                  00010424    00000004     wifi_node_ap_pem4f.oem4f (.const:ti_sysbios_knl_Swi_Object__count__C)
                  00010428    00000004     wifi_node_ap_pem4f.oem4f (.const:ti_sysbios_knl_Swi_Object__table__C)
                  0001042c    00000004     wifi_node_ap_pem4f.oem4f (.const:ti_sysbios_knl_Task_E_spOutOfBounds__C)
                  00010430    00000004     wifi_node_ap_pem4f.oem4f (.const:ti_sysbios_knl_Task_E_stackOverflow__C)
                  00010434    00000004     wifi_node_ap_pem4f.oem4f (.const:ti_sysbios_knl_Task_Module_State_inactiveQ__O)
                  00010438    00000004     wifi_node_ap_pem4f.oem4f (.const:ti_sysbios_knl_Task_Object__count__C)
                  0001043c    00000004     wifi_node_ap_pem4f.oem4f (.const:ti_sysbios_knl_Task_Object__table__C)
                  00010440    00000004     wifi_node_ap_pem4f.oem4f (.const:ti_sysbios_knl_Task_allBlockedFunc__C)
                  00010444    00000004     wifi_node_ap_pem4f.oem4f (.const:ti_sysbios_knl_Task_defaultStackHeap__C)
                  00010448    00000004     wifi_node_ap_pem4f.oem4f (.const:ti_sysbios_knl_Task_defaultStackSize__C)
                  0001044c    00000004     wifi_node_ap_pem4f.oem4f (.const:ti_sysbios_knl_Task_numConstructedTasks__C)
                  00010450    00000004     wifi_node_ap_pem4f.oem4f (.const:xdc_runtime_Assert_E_assertFailed__C)
                  00010454    00000004     wifi_node_ap_pem4f.oem4f (.const:xdc_runtime_Core_A_initializedParams__C)
                  00010458    00000004     wifi_node_ap_pem4f.oem4f (.const:xdc_runtime_Core_Module__diagsEnabled__C)
                  0001045c    00000004     wifi_node_ap_pem4f.oem4f (.const:xdc_runtime_Core_Module__diagsIncluded__C)
                  00010460    00000004     wifi_node_ap_pem4f.oem4f (.const:xdc_runtime_Core_Module__diagsMask__C)
                  00010464    00000004     wifi_node_ap_pem4f.oem4f (.const:xdc_runtime_Error_E_memory__C)
                  00010468    00000004     wifi_node_ap_pem4f.oem4f (.const:xdc_runtime_Error_Module__diagsEnabled__C)
                  0001046c    00000004     wifi_node_ap_pem4f.oem4f (.const:xdc_runtime_Error_Module__diagsIncluded__C)
                  00010470    00000004     wifi_node_ap_pem4f.oem4f (.const:xdc_runtime_Error_Module__diagsMask__C)
                  00010474    00000004     wifi_node_ap_pem4f.oem4f (.const:xdc_runtime_Error_Module__loggerFxn8__C)
                  00010478    00000004     wifi_node_ap_pem4f.oem4f (.const:xdc_runtime_Error_Module__loggerObj__C)
                  0001047c    00000004     wifi_node_ap_pem4f.oem4f (.const:xdc_runtime_Error_policyFxn__C)
                  00010480    00000004     wifi_node_ap_pem4f.oem4f (.const:xdc_runtime_Error_raiseHook__C)
                  00010484    00000004     wifi_node_ap_pem4f.oem4f (.const:xdc_runtime_IGateProvider_Interface__BASE__C)
                  00010488    00000004     wifi_node_ap_pem4f.oem4f (.const:xdc_runtime_IHeap_Interface__BASE__C)
                  0001048c    00000004     wifi_node_ap_pem4f.oem4f (.const:xdc_runtime_IModule_Interface__BASE__C)
                  00010490    00000004     wifi_node_ap_pem4f.oem4f (.const:xdc_runtime_Log_L_error__C)
                  00010494    00000004     wifi_node_ap_pem4f.oem4f (.const:xdc_runtime_Main_Module__diagsEnabled__C)
                  00010498    00000004     wifi_node_ap_pem4f.oem4f (.const:xdc_runtime_Main_Module__diagsIncluded__C)
                  0001049c    00000004     wifi_node_ap_pem4f.oem4f (.const:xdc_runtime_Main_Module__diagsMask__C)
                  000104a0    00000004     wifi_node_ap_pem4f.oem4f (.const:xdc_runtime_Main_Module__loggerFxn2__C)
                  000104a4    00000004     wifi_node_ap_pem4f.oem4f (.const:xdc_runtime_Main_Module__loggerFxn4__C)
                  000104a8    00000004     wifi_node_ap_pem4f.oem4f (.const:xdc_runtime_Main_Module__loggerObj__C)
                  000104ac    00000004     wifi_node_ap_pem4f.oem4f (.const:xdc_runtime_Memory_defaultHeapInstance__C)
                  000104b0    00000004     wifi_node_ap_pem4f.oem4f (.const:xdc_runtime_Startup_execImpl__C)
                  000104b4    00000004     wifi_node_ap_pem4f.oem4f (.const:xdc_runtime_Startup_maxPasses__C)
                  000104b8    00000004     wifi_node_ap_pem4f.oem4f (.const:xdc_runtime_Startup_sfxnRts__C)
                  000104bc    00000004     wifi_node_ap_pem4f.oem4f (.const:xdc_runtime_Startup_sfxnTab__C)
                  000104c0    00000004     wifi_node_ap_pem4f.oem4f (.const:xdc_runtime_Startup_startModsFxn__C)
                  000104c4    00000004     wifi_node_ap_pem4f.oem4f (.const:xdc_runtime_SysMin_bufSize__C)
                  000104c8    00000004     wifi_node_ap_pem4f.oem4f (.const:xdc_runtime_SysMin_outputFunc__C)
                  000104cc    00000004     wifi_node_ap_pem4f.oem4f (.const:xdc_runtime_System_Module__gateObj__C)
                  000104d0    00000004     wifi_node_ap_pem4f.oem4f (.const:xdc_runtime_System_abortFxn__C)
                  000104d4    00000004     wifi_node_ap_pem4f.oem4f (.const:xdc_runtime_System_exitFxn__C)
                  000104d8    00000004     wifi_node_ap_pem4f.oem4f (.const:xdc_runtime_System_extendFxn__C)
                  000104dc    00000004     wifi_node_ap_pem4f.oem4f (.const:xdc_runtime_System_maxAtexitHandlers__C)
                  000104e0    00000004     wifi_node_ap_pem4f.oem4f (.const:xdc_runtime_Text_charTab__C)
                  000104e4    00000004     wifi_node_ap_pem4f.oem4f (.const:xdc_runtime_Text_nameEmpty__C)
                  000104e8    00000004     wifi_node_ap_pem4f.oem4f (.const:xdc_runtime_Text_nameStatic__C)
                  000104ec    00000004     wifi_node_ap_pem4f.oem4f (.const:xdc_runtime_Text_nameUnknown__C)
                  000104f0    00000004     wifi_node_ap_pem4f.oem4f (.const:xdc_runtime_Text_nodeTab__C)
                  000104f4    00000004     wifi_node_ap_pem4f.oem4f (.const:xdc_runtime_Text_visitRopeFxn__C)
                  000104f8    00000002     wifi_node_ap_pem4f.oem4f (.const:ti_catalog_arm_cortexm4_tiva_ce_Boot_Module__id__C)
                  000104fa    00000002     wifi_node_ap_pem4f.oem4f (.const:ti_sysbios_family_arm_m3_Hwi_Module__id__C)
                  000104fc    00000002     wifi_node_ap_pem4f.oem4f (.const:ti_sysbios_hal_Hwi_Module__id__C)
                  000104fe    00000002     wifi_node_ap_pem4f.oem4f (.const:ti_sysbios_heaps_HeapMem_Module__id__C)
                  00010500    00000002     wifi_node_ap_pem4f.oem4f (.const:ti_sysbios_knl_Task_Module__id__C)
                  00010502    00000002     wifi_node_ap_pem4f.oem4f (.const:xdc_runtime_Core_Module__id__C)
                  00010504    00000002     wifi_node_ap_pem4f.oem4f (.const:xdc_runtime_Error_Module__loggerDefined__C)
                  00010506    00000002     wifi_node_ap_pem4f.oem4f (.const:xdc_runtime_Error_maxDepth__C)
                  00010508    00000002     wifi_node_ap_pem4f.oem4f (.const:xdc_runtime_Main_Module__id__C)
                  0001050a    00000002     wifi_node_ap_pem4f.oem4f (.const:xdc_runtime_Main_Module__loggerDefined__C)
                  0001050c    00000002     wifi_node_ap_pem4f.oem4f (.const:xdc_runtime_Memory_Module__id__C)
                  0001050e    00000002     wifi_node_ap_pem4f.oem4f (.const:xdc_runtime_SysMin_flushAtExit__C)
                  00010510    00000002     wifi_node_ap_pem4f.oem4f (.const:xdc_runtime_Text_charCnt__C)
                  00010512    00000002     wifi_node_ap_pem4f.oem4f (.const:xdc_runtime_Text_isLoaded__C)
                  00010514    00000002     wifi_node_ap_pem4f.oem4f (.const:xdc_runtime_Text_registryModsLastId__C)
                  00010516    00000002     wifi_node_ap_pem4f.oem4f (.const:xdc_runtime_Text_unnamedModsLastId__C)
                  00010518    00000001     wifi_node_ap_pem4f.oem4f (.const:xdc_runtime_Error_policy__C)

.cinit     0    00010520    00000508     
                  00010520    000004cd     (.cinit..data.load) [load image, compression = rle]
                  000109ed    00000003     --HOLE-- [fill = 0]
                  000109f0    0000000c     (__TI_handler_table)
                  000109fc    00000004     --HOLE-- [fill = 0]
                  00010a00    00000008     (.cinit..bss.load) [load image, compression = zero_init]
                  00010a08    00000008     (.cinit..vecs.load) [load image, compression = zero_init]
                  00010a10    00000018     (__TI_cinit_table)

.init_array 
*          0    00000000    00000000     UNINITIALIZED

.vecs      0    20000000    00000360     UNINITIALIZED
                  20000000    00000360     wifi_node_ap_pem4f.oem4f (.vecs)

.bss       0    20000360    00002c4b     UNINITIALIZED
                  20000360    00001000     wifi_node_ap_pem4f.oem4f (.bss:ti_sysbios_heaps_HeapMem_Instance_State_0_buf__A)
                  20001360    00000800     wifi_node_ap_pem4f.oem4f (.bss:taskStackSection)
                  20001b60    00000800     main.obj (.bss:tsk0Stack)
                  20002360    00000400     wifi_node_ap_pem4f.oem4f (.bss:xdc_runtime_SysMin_Module_State_0_outbuf__A)
                  20002760    00000360     wifi_node_ap_pem4f.oem4f (.bss:ti_sysbios_family_arm_m3_Hwi_dispatchTable)
                  20002ac0    00000168     driver.obj (.bss:g_StatMem)
                  20002c28    00000124     main.obj (.bss:g_sI2CInst)
                  20002d4c    00000120     rtsv7M4_T_le_v4SPD16_eabi.lib : trgmsg.obj (.bss:__CIOBUF_)
                  20002e6c    00000050     main.obj (.bss:tsk0Struct)
                  20002ebc    0000002c     main.obj (.bss:g_sSHT21Inst)
                  20002ee8    0000001c     (.common:g_domain_name)
                  20002f04    00000018     (.common:g_auth_name)
                  20002f1c    00000018     (.common:g_auth_password)
                  20002f34    00000018     (.common:g_auth_realm)
                  20002f4c    00000010     (.common:g_device_urn)
                  20002f5c    0000000c     (.common:params$3)
                  20002f68    00000008     (.common:parmbuf)
                  20002f70    00000008     (.common:pwmTivaObjects)
                  20002f78    00000004     (.common:fHumidity)
                  20002f7c    00000004     (.common:fTemperature)
                  20002f80    00000004     (.common:g_ucUARTBuffer)
                  20002f84    00000004     (.common:g_ui32SysClock)
                  20002f88    00000004     (.common:g_vui8DataFlag)
                  20002f8c    00000004     (.common:g_vui8ErrorFlag)
                  20002f90    00000004     (.common:i32FractionPart)
                  20002f94    00000004     (.common:i32IntegerPart)
                  20002f98    00000004     (.common:ptrGlobalHumid)
                  20002f9c    00000004     (.common:ptrGlobalTemp)
                  20002fa0    00000004     (.common:pwm1$1)
                  20002fa4    00000004     (.common:task)
                  20002fa8    00000001     (.common:IntIsMasked)
                  20002fa9    00000001     (.common:RxIrqCnt)
                  20002faa    00000001     (.common:g_bDeviceRestartIsRequired)

.data      0    20002fac    000006b4     UNINITIALIZED
                  20002fac    00000138     wifi_node_ap_pem4f.oem4f (.data)
                  200030e4    00000114     main.obj (.data)
                  200031f8    00000090     wifi_node_ap_pem4f.oem4f (.data:ti_sysbios_family_arm_m3_Hwi_Object__table__V)
                  20003288    00000080     wifi_node_ap_pem4f.oem4f (.data:ti_sysbios_knl_Swi_Module_State_0_readyQ__A)
                  20003308    00000080     wifi_node_ap_pem4f.oem4f (.data:ti_sysbios_knl_Task_Module_State_0_readyQ__A)
                  20003388    0000004c     wifi_node_ap_pem4f.oem4f (.data:ti_sysbios_knl_Task_Object__table__V)
                  200033d4    00000044     wifi_node_ap_pem4f.oem4f (.data:ti_sysbios_knl_Task_Module__state__V)
                  20003418    00000040     wifi_node_ap_pem4f.oem4f (.data:ti_sysbios_family_arm_lm4_Timer_Module_State_0_device__A)
                  20003458    00000040     wifi_node_ap_pem4f.oem4f (.data:ti_sysbios_family_arm_lm4_Timer_Object__table__V)
                  20003498    0000003c     nonos.obj (.data:g__SlNonOsCB)
                  200034d4    0000003c     io.obj (.data)
                  20003510    00000038     wifi_node_ap_pem4f.oem4f (.data:ti_sysbios_gates_GateMutex_Object__table__V)
                  20003548    00000034     wifi_node_ap_pem4f.oem4f (.data:ti_sysbios_family_arm_m3_Hwi_Module__state__V)
                  2000357c    00000030     wifi_node_ap_pem4f.oem4f (.data:ti_sysbios_knl_Swi_Object__table__V)
                  200035ac    0000002c     wifi_node_ap_pem4f.oem4f (.data:ti_sysbios_knl_Clock_Module__state__V)
                  200035d8    00000028     wifi_node_ap_pem4f.oem4f (.data:ti_sysbios_hal_Hwi_Object__table__V)
                  20003600    00000024     wifi_node_ap_pem4f.oem4f (.data:ti_sysbios_BIOS_Module__state__V)
                  20003624    00000018     EK_TM4C1294XL.obj (.data)
                  2000363c    00000009     driver.obj (.data)
                  20003645    00000003     buttons.obj (.data)
                  20003648    00000008     rtsv7M4_T_le_v4SPD16_eabi.lib : _lock.obj (.data)
                  20003650    00000008                                   : exit.obj (.data)
                  20003658    00000004     board.obj (.data)
                  2000365c    00000004     rtsv7M4_T_le_v4SPD16_eabi.lib : stkdepth_vars.obj (.data)

.stack     0    20003660    00000400     UNINITIALIZED
                  20003660    00000400     --HOLE--

.bootVecs 
*          0    00000000    00000008     DSECT
                  00000000    00000008     boot.aem4f : boot.oem4f (.bootVecs)

xdc.meta   0    00000000    00000100     COPY SECTION
                  00000000    00000100     wifi_node_ap_pem4f.oem4f (xdc.meta)

.TI.noinit 
*          0    20000360    00000000     UNINITIALIZED

.TI.persistent 
*          0    20002fac    00000000     UNINITIALIZED


LINKER GENERATED COPY TABLES

__TI_cinit_table @ 00010a10 records: 3, size/record: 8, table size: 24
	.data: load addr=00010520, load size=000004cd bytes, run addr=20002fac, run size=000006b4 bytes, compression=rle
	.bss: load addr=00010a00, load size=00000008 bytes, run addr=20000360, run size=00002c4b bytes, compression=zero_init
	.vecs: load addr=00010a08, load size=00000008 bytes, run addr=20000000, run size=00000360 bytes, compression=zero_init


LINKER GENERATED HANDLER TABLE

__TI_handler_table @ 000109f0 records: 3, size/record: 4, table size: 12
	index: 0, handler: __TI_decompress_rle24
	index: 1, handler: __TI_decompress_none
	index: 2, handler: __TI_zero_init


GLOBAL SYMBOLS: SORTED ALPHABETICALLY BY Name 

address   name                                                                 
-------   ----                                                                 
0000df01  ADCIntClear                                                          
0000d049  ADCIntStatus                                                         
0000d905  ADCProcessorTrigger                                                  
0000c8e9  ADCSequenceConfigure                                                 
0000d701  ADCSequenceDataGet                                                   
0000dd29  ADCSequenceEnable                                                    
0000af25  ADCSequenceStepConfigure                                             
000073e1  AnimTimerIntHandler                                                  
00007429  AnimTimerIntHandlerPWM                                               
0000a1e1  ButtonsInit                                                          
0000a139  ButtonsPoll                                                          
0000c439  C$$EXIT                                                              
0000b4f7  C$$IO$$                                                              
00007ea1  CC3100_InterruptDisable                                              
00007e91  CC3100_InterruptEnable                                               
000033a1  CC3100_Semaphore_Post                                                
00007e71  CC3100_disable                                                       
00007e81  CC3100_enable                                                        
00009f01  CLI_Configure                                                        
00009e59  CLI_Read                                                             
00009ea9  CLI_Write                                                            
0000dd9f  CPUcpsie                                                             
00007579  ConfigureADC0                                                        
00007531  ConfigureTimer0                                                      
000072d9  Decimal2String                                                       
00007ec1  Delay                                                                
00006bb9  EK_TM4C1294XL_initPWM                                                
0000dbc5  FPUEnable                                                            
0000dbd5  FPULazyStackingEnable                                                
200030f7  GET_token                                                            
2000317b  GET_token0                                                           
20003186  GET_token1                                                           
200031e9  GET_token10                                                          
20003191  GET_token2                                                           
2000319c  GET_token3                                                           
200031a7  GET_token4                                                           
200031b2  GET_token5                                                           
200031bd  GET_token6                                                           
200031c8  GET_token7                                                           
200031d3  GET_token8                                                           
200031de  GET_token9                                                           
0000d129  GPIODirModeSet                                                       
00008fb3  GPIOIntClear                                                         
0000dd37  GPIOIntDisable                                                       
0000ddab  GPIOIntEnable                                                        
0000dd45  GPIOIntStatus                                                        
0000bb39  GPIOIntTypeSet                                                       
00007ee1  GPIOM_intHandler                                                     
00009809  GPIOPadConfigSet                                                     
0000c0e1  GPIOPinConfigure                                                     
0000a133  GPIOPinRead                                                          
0000dae9  GPIOPinTypeEthernetLED                                               
0000dafb  GPIOPinTypeGPIOInput                                                 
0000d91d  GPIOPinTypeGPIOOutput                                                
0000db0d  GPIOPinTypeI2CSCL                                                    
0000db1f  GPIOPinTypePWM                                                       
0000db31  GPIOPinTypeSSI                                                       
0000db43  GPIOPinTypeUART                                                      
0000c6e3  GPIOPinWrite                                                         
00008029  GetLEDStatus                                                         
00008391  HOSTclock                                                            
00008359  HOSTclose                                                            
0000831b  HOSTgetenv                                                           
000082bf  HOSTlseek                                                            
0000826d  HOSTopen                                                             
00008221  HOSTread                                                             
000081c3  HOSTrename                                                           
00008189  HOSTtime                                                             
00008151  HOSTunlink                                                           
00008105  HOSTwrite                                                            
0001030c  HWI_SHT21I2CIntHandler                                               
000102fc  HWI_cc3100_req                                                       
00010304  HWI_timer0a                                                          
00010300  HWI_timer2a                                                          
00010310  HWI_timer3a                                                          
00002bb1  HttpServer                                                           
00002211  HttpServerCallback                                                   
000036b1  I2C8Init                                                             
0000ad99  I2CMCommand                                                          
0000cc61  I2CMInit                                                             
0000a041  I2CMIntHandler                                                       
0000ce03  I2CMTransferResume                                                   
0000bb91  I2CMWrite8                                                           
00001e95  I2CMasterControl                                                     
00005645  I2CMasterDataGet                                                     
000061e5  I2CMasterDataPut                                                     
0000df0b  I2CMasterEnable                                                      
0000c171  I2CMasterInitExpClk                                                  
0000df3d  I2CMasterIntClear                                                    
0000df45  I2CMasterIntEnableEx                                                 
0000df4d  I2CMasterSlaveAddrSet                                                
000071f9  IOEnablePWM                                                          
0000b3f9  IntDisable                                                           
0000b461  IntEnable                                                            
0000b599  IntIsEnabled                                                         
20002fa8  IntIsMasked                                                          
0000dbe5  IntMasterEnable                                                      
0000d561  IntPriorityGroupingSet                                               
0000d2bd  IntPrioritySet                                                       
0000ddb9  IntTrigger                                                           
000073d9  IoGetAnimationSpeed                                                  
00007221  IoInit                                                               
000072b9  IoSetAnimationSpeed                                                  
000071a1  IoSetTimer                                                           
00007eb1  MaskIntHdlr                                                          
[...]
00010310  HWI_timer3a                                                          
00010314  xdc_runtime_Startup_firstFxns__A                                     
00010338  xdc_runtime_Startup_sfxnRts__A                                       
00010348  pwmTivaHWAttrs                                                       
0001036c  ti_sysbios_family_arm_m3_Hwi_excHookFuncs__A                         
00010374  ti_sysbios_knl_Idle_funcList__C                                      
0001037c  xdc_runtime_Startup_firstFxns__C                                     
00010384  xdc_runtime_Startup_lastFxns__C                                      
0001038c  ti_catalog_arm_cortexm4_tiva_ce_Boot_A_mustNotUseEnhancedClockMode__C
00010390  ti_catalog_arm_cortexm4_tiva_ce_Boot_Module__diagsEnabled__C         
00010394  ti_catalog_arm_cortexm4_tiva_ce_Boot_Module__diagsIncluded__C        
00010398  ti_catalog_arm_cortexm4_tiva_ce_Boot_Module__diagsMask__C            
0001039c  ti_sysbios_BIOS_installedErrorHook__C                                
000103a0  ti_sysbios_family_arm_lm4_Timer_enableFunc__C                        
000103a4  ti_sysbios_family_arm_lm4_Timer_numTimerDevices__C                   
000103a8  ti_sysbios_family_arm_lm4_Timer_startupNeeded__C                     
000103ac  ti_sysbios_family_arm_m3_Hwi_E_NMI__C                                
000103b0  ti_sysbios_family_arm_m3_Hwi_E_busFault__C                           
000103b4  ti_sysbios_family_arm_m3_Hwi_E_debugMon__C                           
000103b8  ti_sysbios_family_arm_m3_Hwi_E_hardFault__C                          
000103bc  ti_sysbios_family_arm_m3_Hwi_E_memFault__C                           
000103c0  ti_sysbios_family_arm_m3_Hwi_E_noIsr__C                              
000103c4  ti_sysbios_family_arm_m3_Hwi_E_reserved__C                           
000103c8  ti_sysbios_family_arm_m3_Hwi_E_svCall__C                             
000103cc  ti_sysbios_family_arm_m3_Hwi_E_usageFault__C                         
000103d0  ti_sysbios_family_arm_m3_Hwi_NUM_INTERRUPTS__C                       
000103d4  ti_sysbios_family_arm_m3_Hwi_Object__count__C                        
000103d8  ti_sysbios_family_arm_m3_Hwi_Object__table__C                        
000103dc  ti_sysbios_family_arm_m3_Hwi_ccr__C                                  
000103e0  ti_sysbios_family_arm_m3_Hwi_excHandlerFunc__C                       
000103e4  ti_sysbios_family_arm_m3_Hwi_excHookFuncs__C                         
000103e8  ti_sysbios_family_arm_m3_Hwi_nullIsrFunc__C                          
000103ec  ti_sysbios_family_arm_m3_Hwi_priGroup__C                             
000103f0  ti_sysbios_family_arm_m3_TaskSupport_stackAlignment__C               
000103f4  ti_sysbios_gates_GateMutex_Instance_State_sem__O                     
000103f8  ti_sysbios_hal_Hwi_E_stackOverflow__C                                
000103fc  ti_sysbios_heaps_HeapMem_E_memory__C                                 
00010400  ti_sysbios_heaps_HeapMem_Module__gateObj__C                          
00010404  ti_sysbios_heaps_HeapMem_Object__count__C                            
00010408  ti_sysbios_heaps_HeapMem_Object__table__C                            
0001040c  ti_sysbios_heaps_HeapMem_reqAlign__C                                 
00010410  ti_sysbios_knl_Clock_Module_State_clockQ__O                          
00010414  ti_sysbios_knl_Idle_funcList__A                                      
00010418  ti_sysbios_knl_Queue_Object__count__C                                
0001041c  ti_sysbios_knl_Queue_Object__table__C                                
00010420  ti_sysbios_knl_Semaphore_Instance_State_pendQ__O                     
00010424  ti_sysbios_knl_Swi_Object__count__C                                  
00010428  ti_sysbios_knl_Swi_Object__table__C                                  
0001042c  ti_sysbios_knl_Task_E_spOutOfBounds__C                               
00010430  ti_sysbios_knl_Task_E_stackOverflow__C                               
00010434  ti_sysbios_knl_Task_Module_State_inactiveQ__O                        
00010438  ti_sysbios_knl_Task_Object__count__C                                 
0001043c  ti_sysbios_knl_Task_Object__table__C                                 
00010440  ti_sysbios_knl_Task_allBlockedFunc__C                                
00010444  ti_sysbios_knl_Task_defaultStackHeap__C                              
00010448  ti_sysbios_knl_Task_defaultStackSize__C                              
0001044c  ti_sysbios_knl_Task_numConstructedTasks__C                           
00010450  xdc_runtime_Assert_E_assertFailed__C                                 
00010454  xdc_runtime_Core_A_initializedParams__C                              
00010458  xdc_runtime_Core_Module__diagsEnabled__C                             
0001045c  xdc_runtime_Core_Module__diagsIncluded__C                            
00010460  xdc_runtime_Core_Module__diagsMask__C                                
00010464  xdc_runtime_Error_E_memory__C                                        
00010468  xdc_runtime_Error_Module__diagsEnabled__C                            
0001046c  xdc_runtime_Error_Module__diagsIncluded__C                           
00010470  xdc_runtime_Error_Module__diagsMask__C                               
00010474  xdc_runtime_Error_Module__loggerFxn8__C                              
00010478  xdc_runtime_Error_Module__loggerObj__C                               
0001047c  xdc_runtime_Error_policyFxn__C                                       
00010480  xdc_runtime_Error_raiseHook__C                                       
00010484  xdc_runtime_IGateProvider_Interface__BASE__C                         
00010488  xdc_runtime_IHeap_Interface__BASE__C                                 
0001048c  xdc_runtime_IModule_Interface__BASE__C                               
00010490  xdc_runtime_Log_L_error__C                                           
00010494  xdc_runtime_Main_Module__diagsEnabled__C                             
00010498  xdc_runtime_Main_Module__diagsIncluded__C                            
0001049c  xdc_runtime_Main_Module__diagsMask__C                                
000104a0  xdc_runtime_Main_Module__loggerFxn2__C                               
000104a4  xdc_runtime_Main_Module__loggerFxn4__C                               
000104a8  xdc_runtime_Main_Module__loggerObj__C                                
000104ac  xdc_runtime_Memory_defaultHeapInstance__C                            
000104b0  xdc_runtime_Startup_execImpl__C                                      
000104b4  xdc_runtime_Startup_maxPasses__C                                     
000104b8  xdc_runtime_Startup_sfxnRts__C                                       
000104bc  xdc_runtime_Startup_sfxnTab__C                                       
000104c0  xdc_runtime_Startup_startModsFxn__C                                  
000104c4  xdc_runtime_SysMin_bufSize__C                                        
000104c8  xdc_runtime_SysMin_outputFunc__C                                     
000104cc  xdc_runtime_System_Module__gateObj__C                                
000104d0  xdc_runtime_System_abortFxn__C                                       
000104d4  xdc_runtime_System_exitFxn__C                                        
000104d8  xdc_runtime_System_extendFxn__C                                      
000104dc  xdc_runtime_System_maxAtexitHandlers__C                              
000104e0  xdc_runtime_Text_charTab__C                                          
000104e4  xdc_runtime_Text_nameEmpty__C                                        
000104e8  xdc_runtime_Text_nameStatic__C                                       
000104ec  xdc_runtime_Text_nameUnknown__C                                      
000104f0  xdc_runtime_Text_nodeTab__C                                          
000104f4  xdc_runtime_Text_visitRopeFxn__C                                     
000104f8  ti_catalog_arm_cortexm4_tiva_ce_Boot_Module__id__C                   
000104fa  ti_sysbios_family_arm_m3_Hwi_Module__id__C                           
000104fc  ti_sysbios_hal_Hwi_Module__id__C                                     
000104fe  ti_sysbios_heaps_HeapMem_Module__id__C                               
00010500  ti_sysbios_knl_Task_Module__id__C                                    
00010502  xdc_runtime_Core_Module__id__C                                       
00010504  xdc_runtime_Error_Module__loggerDefined__C                           
00010506  xdc_runtime_Error_maxDepth__C                                        
00010508  xdc_runtime_Main_Module__id__C                                       
0001050a  xdc_runtime_Main_Module__loggerDefined__C                            
0001050c  xdc_runtime_Memory_Module__id__C                                     
0001050e  xdc_runtime_SysMin_flushAtExit__C                                    
00010510  xdc_runtime_Text_charCnt__C                                          
00010512  xdc_runtime_Text_isLoaded__C                                         
00010514  xdc_runtime_Text_registryModsLastId__C                               
00010516  xdc_runtime_Text_unnamedModsLastId__C                                
00010518  xdc_runtime_Error_policy__C                                          
00010520  __TI_static_base__                                                   
000109f0  __TI_Handler_Table_Base                                              
000109fc  __TI_Handler_Table_Limit                                             
00010a10  __TI_CINIT_Base                                                      
00010a28  __TI_CINIT_Limit                                                     
20000000  ti_sysbios_family_arm_m3_Hwi_ramVectors                              
20000360  ti_sysbios_heaps_HeapMem_Instance_State_0_buf__A                     
20001360  ti_sysbios_knl_Task_Instance_State_0_stack__A                        
20001b60  tsk0Stack                                                            
20002360  xdc_runtime_SysMin_Module_State_0_outbuf__A                          
20002760  ti_sysbios_family_arm_m3_Hwi_dispatchTable                           
20002c28  g_sI2CInst                                                           
20002d4c  __CIOBUF_                                                            
20002e6c  tsk0Struct                                                           
20002ebc  g_sSHT21Inst                                                         
20002ee8  g_domain_name                                                        
20002f04  g_auth_name                                                          
20002f1c  g_auth_password                                                      
20002f34  g_auth_realm                                                         
20002f4c  g_device_urn                                                         
20002f70  pwmTivaObjects                                                       
20002f78  fHumidity                                                            
20002f7c  fTemperature                                                         
20002f80  g_ucUARTBuffer                                                       
20002f84  g_ui32SysClock                                                       
20002f88  g_vui8DataFlag                                                       
20002f8c  g_vui8ErrorFlag                                                      
20002f90  i32FractionPart                                                      
20002f94  i32IntegerPart                                                       
20002f98  ptrGlobalHumid                                                       
20002f9c  ptrGlobalTemp                                                        
20002fa4  task                                                                 
20002fa8  IntIsMasked                                                          
20002fa9  RxIrqCnt                                                             
20002faa  g_bDeviceRestartIsRequired                                           
20002fac  ti_sysbios_family_arm_lm4_Timer_Module__root__V                      
20002fb4  ti_sysbios_family_arm_lm4_Timer_Module_State_0_handles__A            
20002fd4  ti_sysbios_family_arm_lm4_Timer_Module__state__V                     
20002fe0  ti_sysbios_family_arm_m3_Hwi_Module__root__V                         
20002fe8  ti_sysbios_family_arm_m3_Hwi_Module_State_0_excActive__A             
20002fec  ti_sysbios_family_arm_m3_Hwi_Module_State_0_excContext__A            
20002ff0  ti_sysbios_family_arm_m3_Hwi_Module_State_0_excStack__A              
20002ff4  ti_sysbios_gates_GateHwi_Module__root__V                             
20002ffc  ti_sysbios_gates_GateHwi_Object__table__V                            
20003000  ti_sysbios_gates_GateMutex_Module__root__V                           
20003008  ti_sysbios_hal_Hwi_Module__root__V                                   
20003010  ti_sysbios_heaps_HeapMem_Module__root__V                             
20003018  ti_sysbios_heaps_HeapMem_Object__table__V                            
20003030  ti_sysbios_knl_Clock_Module__root__V                                 
20003038  ti_sysbios_knl_Queue_Module__root__V                                 
20003040  ti_sysbios_knl_Semaphore_Module__root__V                             
20003048  ti_sysbios_knl_Semaphore_Object__table__V                            
2000305c  ti_sysbios_knl_Swi_Module__root__V                                   
20003064  ti_sysbios_knl_Swi_Module__state__V                                  
20003080  ti_sysbios_knl_Task_Module__root__V                                  
20003088  ti_sysbios_knl_Task_Module_State_0_idleTask__A                       
2000308c  xdc_runtime_Error_Module__state__V                                   
20003090  xdc_runtime_Memory_Module__state__V                                  
20003094  xdc_runtime_Registry_Module__state__V                                
2000309c  xdc_runtime_Startup_Module__state__V                                 
200030a4  xdc_runtime_SysMin_Module__state__V                                  
200030b0  xdc_runtime_System_Module_State_0_atexitHandlers__A                  
200030d0  xdc_runtime_System_Module__state__V                                  
200030d8  xdc_runtime_Text_Module__state__V                                    
200030e0  __xdc__init__addr                                                    
200030e8  PWMEnable                                                            
200030ec  POST_token                                                           
200030f7  GET_token                                                            
20003102  POST_token0                                                          
2000310d  POST_token1                                                          
20003118  POST_token2                                                          
20003123  POST_token3                                                          
2000312e  POST_token4                                                          
20003139  POST_token5                                                          
20003144  POST_token6                                                          
2000314f  POST_token7                                                          
2000315a  POST_token8                                                          
20003165  POST_token9                                                          
20003170  POST_token10                                                         
2000317b  GET_token0                                                           
20003186  GET_token1                                                           
20003191  GET_token2                                                           
2000319c  GET_token3                                                           
200031a7  GET_token4                                                           
200031b2  GET_token5                                                           
200031bd  GET_token6                                                           
200031c8  GET_token7                                                           
200031d3  GET_token8                                                           
200031de  GET_token9                                                           
200031e9  GET_token10                                                          
200031f4  g_Status                                                             
200031f8  ti_sysbios_family_arm_m3_Hwi_Object__table__V                        
20003288  ti_sysbios_knl_Swi_Module_State_0_readyQ__A                          
20003308  ti_sysbios_knl_Task_Module_State_0_readyQ__A                         
20003388  ti_sysbios_knl_Task_Object__table__V                                 
200033d4  ti_sysbios_knl_Task_Module__state__V                                 
20003418  ti_sysbios_family_arm_lm4_Timer_Module_State_0_device__A             
20003458  ti_sysbios_family_arm_lm4_Timer_Object__table__V                     
20003498  g__SlNonOsCB                                                         
200034d4  delayTime                                                            
200034d8  g_ui32AnimSpeed                                                      
200034dc  g_ui32timer2count                                                    
200034e0  g_ui32SW1Presses                                                     
200034e4  g_ui32InternalTempF                                                  
200034e8  g_ui32InternalTempC                                                  
200034ec  g_ui32TimerIntCount                                                  
200034f0  g_ui32SecondsOnTime                                                  
200034f4  g_ui32LED_Status                                                     
200034f8  g_ui32LED_Toggle_Status                                              
200034fc  g_ui32Temperature_U                                                  
20003510  ti_sysbios_gates_GateMutex_Object__table__V                          
20003548  ti_sysbios_family_arm_m3_Hwi_Module__state__V                        
2000357c  ti_sysbios_knl_Swi_Object__table__V                                  
200035ac  ti_sysbios_knl_Clock_Module__state__V                                
200035d8  ti_sysbios_hal_Hwi_Object__table__V                                  
20003600  ti_sysbios_BIOS_Module__state__V                                     
2000363c  g_pCB                                                                
20003640  pPingCallBackFunc                                                    
20003648  _lock                                                                
2000364c  _unlock                                                              
20003650  __TI_cleanup_ptr                                                     
20003654  __TI_dtors_ptr                                                       
20003658  pIrqEventHandler                                                     
2000365c  main_func_sp                                                         
20003660  __stack                                                              
20003860  __STACK_TOP                                                          
20003a60  __STACK_END                                                          
e000e000  ti_sysbios_family_arm_m3_Hwi_nvic                                    
ffffffff  __binit__                                                            
ffffffff  __c_args__                                                           
ffffffff  binit                                                                
UNDEFED   SHT$$INIT_ARRAY$$Base                                                
UNDEFED   SHT$$INIT_ARRAY$$Limit                                               

[838 symbols]
